yarn run v1.22.22
$ next build
  ▲ Next.js 14.2.0
  - Environments: .env.local

   Linting and checking validity of types ...

Failed to compile.

./pages/_admin/community/index.tsx
56:5  Warning: React Hook useEffect has a missing dependency: 'getAllBoardArticlesByAdminRefetch'. Either include it or remove the dependency array.  react-hooks/exhaustive-deps

./pages/_admin/cs/faq.tsx
157:14  Warning: Do not use <img>. Use Image from 'next/image' instead. See: https://nextjs.org/docs/messages/no-img-element  @next/next/no-img-element

./pages/_admin/cs/inquiry.tsx
82:13  Warning: Do not use <img>. Use Image from 'next/image' instead. See: https://nextjs.org/docs/messages/no-img-element  @next/next/no-img-element

./pages/_admin/cs/notice.tsx
159:14  Warning: Do not use <img>. Use Image from 'next/image' instead. See: https://nextjs.org/docs/messages/no-img-element  @next/next/no-img-element

./pages/_admin/products/index.tsx
57:5  Warning: React Hook useEffect has a missing dependency: 'getAllPropertiesByAdminRefetch'. Either include it or remove the dependency array.  react-hooks/exhaustive-deps

./pages/_admin/users/index.tsx
286:13  Warning: Do not use <img>. Use Image from 'next/image' instead. See: https://nextjs.org/docs/messages/no-img-element  @next/next/no-img-element

./pages/_app.tsx
89:5  Warning: React Hook useEffect has missing dependencies: 'router.events' and 'router.pathname'. Either include them or remove the dependency array.  react-hooks/exhaustive-deps
98:6  Warning: Custom fonts not added at the document level will only load for a single page. This is discouraged. See: https://nextjs.org/docs/messages/no-page-custom-font  @next/next/no-page-custom-font

./pages/about/index.tsx
34:50  Warning: The ref value 'domRef.current' will likely have changed by the time this effect cleanup function runs. If this ref points to a node rendered by React, copy 'domRef.current' to a variable inside the effect, and use that variable in the cleanup function.  react-hooks/exhaustive-deps
114:35  Warning: The ref value 'sectionRef.current' will likely have changed by the time this effect cleanup function runs. If this ref points to a node rendered by React, copy 'sectionRef.current' to a variable inside the effect, and use that variable in the cleanup function.  react-hooks/exhaustive-deps
159:7  Warning: Do not use <img>. Use Image from 'next/image' instead. See: https://nextjs.org/docs/messages/no-img-element  @next/next/no-img-element
164:8  Error: Do not use the HTML <a> tag to navigate to /. Use Link from 'next/link' instead. See: https://nextjs.org/docs/messages/no-html-link-for-pages  @next/next/no-html-link-for-pages
213:11  Warning: Do not use <img>. Use Image from 'next/image' instead. See: https://nextjs.org/docs/messages/no-img-element  @next/next/no-img-element
242:11  Warning: Do not use <img>. Use Image from 'next/image' instead. See: https://nextjs.org/docs/messages/no-img-element  @next/next/no-img-element
283:8  Warning: Do not use <img>. Use Image from 'next/image' instead. See: https://nextjs.org/docs/messages/no-img-element  @next/next/no-img-element
333:22  Error: `'` can be escaped with `&apos;`, `&lsquo;`, `&#39;`, `&rsquo;`.  react/no-unescaped-entities
372:45  Error: `'` can be escaped with `&apos;`, `&lsquo;`, `&#39;`, `&rsquo;`.  react/no-unescaped-entities
406:17  Error: `'` can be escaped with `&apos;`, `&lsquo;`, `&#39;`, `&rsquo;`.  react/no-unescaped-entities
431:11  Warning: Do not use <img>. Use Image from 'next/image' instead. See: https://nextjs.org/docs/messages/no-img-element  @next/next/no-img-element
471:14  Warning: Do not use <img>. Use Image from 'next/image' instead. See: https://nextjs.org/docs/messages/no-img-element  @next/next/no-img-element

./pages/account/join.tsx
52:5  Warning: React Hook useCallback has a missing dependency: 'router'. Either include it or remove the dependency array.  react-hooks/exhaustive-deps
62:5  Warning: React Hook useCallback has a missing dependency: 'router'. Either include it or remove the dependency array.  react-hooks/exhaustive-deps

./pages/account/login.tsx
52:8  Warning: React Hook useCallback has a missing dependency: 'router'. Either include it or remove the dependency array.  react-hooks/exhaustive-deps
62:8  Warning: React Hook useCallback has a missing dependency: 'router'. Either include it or remove the dependency array.  react-hooks/exhaustive-deps

./pages/agent/detail.tsx
125:5  Warning: React Hook useEffect has missing dependencies: 'commentInquiry' and 'getCommentsRefetch'. Either include them or remove the dependency array.  react-hooks/exhaustive-deps
130:5  Warning: React Hook useEffect has a missing dependency: 'getCommentsRefetch'. Either include it or remove the dependency array.  react-hooks/exhaustive-deps
190:7  Warning: Do not use <img>. Use Image from 'next/image' instead. See: https://nextjs.org/docs/messages/no-img-element  @next/next/no-img-element
197:9  Warning: Do not use <img>. Use Image from 'next/image' instead. See: https://nextjs.org/docs/messages/no-img-element  @next/next/no-img-element
230:10  Warning: Do not use <img>. Use Image from 'next/image' instead. See: https://nextjs.org/docs/messages/no-img-element  @next/next/no-img-element

./pages/agent/index.tsx
66:5  Warning: React Hook useEffect has a missing dependency: 'searchFilter'. Either include it or remove the dependency array.  react-hooks/exhaustive-deps
81:5  Warning: React Hook useEffect has a missing dependency: 'getAgentsRefetch'. Either include it or remove the dependency array.  react-hooks/exhaustive-deps
179:9  Warning: Do not use <img>. Use Image from 'next/image' instead. See: https://nextjs.org/docs/messages/no-img-element  @next/next/no-img-element

./pages/community/detail.tsx
57:50  Warning: The ref value 'domRef.current' will likely have changed by the time this effect cleanup function runs. If this ref points to a node rendered by React, copy 'domRef.current' to a variable inside the effect, and use that variable in the cleanup function.  react-hooks/exhaustive-deps
174:5  Warning: React Hook useEffect has a missing dependency: 'searchFilter'. Either include it or remove the dependency array. You can also do a functional update 'setSearchFilter(s => ...)' if you only need 'searchFilter' in the 'setSearchFilter' call.  react-hooks/exhaustive-deps
336:12  Warning: Do not use <img>. Use Image from 'next/image' instead. See: https://nextjs.org/docs/messages/no-img-element  @next/next/no-img-element
411:15  Warning: Do not use <img>. Use Image from 'next/image' instead. See: https://nextjs.org/docs/messages/no-img-element  @next/next/no-img-element
580:12  Warning: Do not use <img>. Use Image from 'next/image' instead. See: https://nextjs.org/docs/messages/no-img-element  @next/next/no-img-element
587:12  Warning: Do not use <img>. Use Image from 'next/image' instead. See: https://nextjs.org/docs/messages/no-img-element  @next/next/no-img-element
594:12  Warning: Do not use <img>. Use Image from 'next/image' instead. See: https://nextjs.org/docs/messages/no-img-element  @next/next/no-img-element

./pages/community/index.tsx
48:50  Warning: The ref value 'domRef.current' will likely have changed by the time this effect cleanup function runs. If this ref points to a node rendered by React, copy 'domRef.current' to a variable inside the effect, and use that variable in the cleanup function.  react-hooks/exhaustive-deps
162:8  Warning: Do not use <img>. Use Image from 'next/image' instead. See: https://nextjs.org/docs/messages/no-img-element  @next/next/no-img-element
167:9  Error: Do not use the HTML <a> tag to navigate to /. Use Link from 'next/link' instead. See: https://nextjs.org/docs/messages/no-html-link-for-pages  @next/next/no-html-link-for-pages
219:17  Warning: Do not use <img>. Use Image from 'next/image' instead. See: https://nextjs.org/docs/messages/no-img-element  @next/next/no-img-element
238:12  Warning: Do not use <img>. Use Image from 'next/image' instead. See: https://nextjs.org/docs/messages/no-img-element  @next/next/no-img-element

./pages/mypage/index.tsx
43:5  Warning: React Hook useEffect has a missing dependency: 'router'. Either include it or remove the dependency array.  react-hooks/exhaustive-deps

./pages/product/detail.tsx
43:7  Warning: Do not use <img>. Use Image from 'next/image' instead. See: https://nextjs.org/docs/messages/no-img-element  @next/next/no-img-element
63:9  Warning: Do not use <img>. Use Image from 'next/image' instead. See: https://nextjs.org/docs/messages/no-img-element  @next/next/no-img-element

./pages/shop/basket.tsx
115:21  Warning: passHref is missing. See: https://nextjs.org/docs/messages/link-passhref  @next/next/link-passhref

./pages/shop/index.tsx
151:5  Warning: React Hook useEffect has a missing dependency: 'filter'. Either include it or remove the dependency array.  react-hooks/exhaustive-deps
246:8  Warning: passHref is missing. See: https://nextjs.org/docs/messages/link-passhref  @next/next/link-passhref
267:14  Warning: passHref is missing. See: https://nextjs.org/docs/messages/link-passhref  @next/next/link-passhref
362:14  Warning: Do not use <img>. Use Image from 'next/image' instead. See: https://nextjs.org/docs/messages/no-img-element  @next/next/no-img-element
367:14  Warning: Do not use <img>. Use Image from 'next/image' instead. See: https://nextjs.org/docs/messages/no-img-element  @next/next/no-img-element
414:9  Warning: Do not use <img>. Use Image from 'next/image' instead. See: https://nextjs.org/docs/messages/no-img-element  @next/next/no-img-element

info  - Need to disable some ESLint rules? Learn more here: https://nextjs.org/docs/basic-features/eslint#disabling-rules
error Command failed with exit code 1.
info Visit https://yarnpkg.com/en/docs/cli/run for documentation about this command.
